../Core/Src/main.c:100:5:main	160	static
../Core/Src/main.c:189:6:SystemClock_Config	88	static
../Core/Src/main.c:235:13:MX_SPI5_Init	8	static
../Core/Src/main.c:273:13:MX_GPIO_Init	48	static
../Core/Src/main.c:308:6:Task01_Init	24	static
../Core/Src/main.c:354:6:Task02_Init	16	static
../Core/Src/main.c:441:6:Task03_Init	16	static
../Core/Src/main.c:461:6:Task04_Init	16	static
../Core/Src/main.c:519:6:Task05_Init	16	static
../Core/Src/main.c:556:6:HAL_TIM_PeriodElapsedCallback	16	static
../Core/Src/main.c:573:6:Error_Handler	4	static,ignoring_inline_asm
